###############################################################################
#
# IAR ELF Linker V8.40.1.212/W32 for ARM                  21/Oct/2019  21:30:47
# Copyright 2007-2019 IAR Systems AB.
#
#    Output file  =
#        C:\Users\yuri_\Desktop\Sistemas
#        Embarcados\lab2_sistemas_embarcados\lab2_sistemas_embarcados\EK-TM4C1294_IAR8\Projects\lab2\Debug\Exe\lab2.out
#    Map file     =
#        C:\Users\yuri_\Desktop\Sistemas
#        Embarcados\lab2_sistemas_embarcados\lab2_sistemas_embarcados\EK-TM4C1294_IAR8\Projects\lab2\Debug\List\lab2.map
#    Command line =
#        -f C:\Users\yuri_\AppData\Local\Temp\EWE011.tmp
#        ("C:\Users\yuri_\Desktop\Sistemas
#        Embarcados\lab2_sistemas_embarcados\lab2_sistemas_embarcados\EK-TM4C1294_IAR8\TivaWare_C_Series-2.1.4.178\driverlib\ewarm\Exe\driverlib.a"
#        "C:\Users\yuri_\Desktop\Sistemas
#        Embarcados\lab2_sistemas_embarcados\lab2_sistemas_embarcados\EK-TM4C1294_IAR8\Projects\lab2\Debug\Obj\mein.o"
#        "C:\Users\yuri_\Desktop\Sistemas
#        Embarcados\lab2_sistemas_embarcados\lab2_sistemas_embarcados\EK-TM4C1294_IAR8\Projects\lab2\Debug\Obj\startup_TM4C1294.o"
#        "C:\Users\yuri_\Desktop\Sistemas
#        Embarcados\lab2_sistemas_embarcados\lab2_sistemas_embarcados\EK-TM4C1294_IAR8\Projects\lab2\Debug\Obj\system_TM4C1294_TW.o"
#        --no_out_extension -o "C:\Users\yuri_\Desktop\Sistemas
#        Embarcados\lab2_sistemas_embarcados\lab2_sistemas_embarcados\EK-TM4C1294_IAR8\Projects\lab2\Debug\Exe\lab2.out"
#        --map "C:\Users\yuri_\Desktop\Sistemas
#        Embarcados\lab2_sistemas_embarcados\lab2_sistemas_embarcados\EK-TM4C1294_IAR8\Projects\lab2\Debug\List\lab2.map"
#        --config "D:\Program Files (x86)\IAR Systems\Embedded Workbench
#        8.3\arm\config\linker\TexasInstruments\TM4C1294NC.icf" --semihosting
#        --entry __iar_program_start --vfe --text_out locale)
#
###############################################################################

*******************************************************************************
*** RUNTIME MODEL ATTRIBUTES
***

CppFlavor       = *
__SystemLibrary = DLib
__dlib_version  = 6


*******************************************************************************
*** HEAP SELECTION
***

The basic heap was selected because no calls to memory allocation
functions were found in the application outside of system library
functions, and there are calls to deallocation functions in the
application.


*******************************************************************************
*** PLACEMENT SUMMARY
***

"A0":  place at address 0x0 { ro section .intvec };
"P1":  place in [from 0x0 to 0xf'ffff] { ro };
define block CSTACK with size = 32K, alignment = 8 { };
define block HEAP with size = 64K, alignment = 8 { };
"P2":  place in [from 0x2000'0000 to 0x2003'ffff] {
          rw, block CSTACK, block HEAP };
initialize by copy { rw };

  Section            Kind         Address    Size  Object
  -------            ----         -------    ----  ------
"A0":                                       0x3c0
  .intvec            ro code          0x0   0x3c0  startup_TM4C1294.o [1]
                                  - 0x3c0   0x3c0

"P1":                                      0x105f
  .text              ro code        0x3c0   0x3cc  mein.o [1]
  .text              ro code        0x78c    0xb2  timer.o [3]
  .text              ro code        0x83e     0x2  startup_TM4C1294.o [1]
  .text              ro code        0x840    0xb0  uart.o [3]
  .text              ro code        0x8f0   0x274  I64DivMod.o [4]
  .text              ro code        0xb64   0x278  sysctl.o [3]
  .text              ro code        0xddc   0x1a0  gpio.o [3]
  .text              ro code        0xf7c    0x8c  interrupt.o [3]
  .text              ro code       0x1008     0x2  I64DivZer.o [4]
  .text              ro code       0x100c     0x8  cpu.o [3]
  .rodata            const         0x1014   0x1b0  sysctl.o [3]
  .rodata            const         0x11c4    0x90  gpio.o [3]
  .rodata            const         0x1254    0x6c  sysctl.o [3]
  .text              ro code       0x12c0    0x38  packbits_init_single.o [4]
  .rodata            const         0x12f8    0x30  sysctl.o [3]
  .text              ro code       0x1328    0x2c  system_TM4C1294_TW.o [1]
  .text              ro code       0x1354    0x28  data_init.o [4]
  .iar.init_table    const         0x137c    0x10  - Linker created -
  .text              ro code       0x138c    0x1e  cmain.o [4]
  .text              ro code       0x13aa     0x4  low_level_init.o [2]
  .text              ro code       0x13ae     0x4  exit.o [2]
  .text              ro code       0x13b4     0xa  cexit.o [4]
  .text              ro code       0x13c0    0x14  exit.o [5]
  .text              ro code       0x13d4    0x14  startup_TM4C1294.o [1]
  .rodata            const         0x13e8    0x10  mein.o [1]
  .text              ro code       0x13f8     0xc  cstartup_M.o [4]
  .rodata            const         0x1404     0x8  mein.o [1]
  .rodata            const         0x140c     0x8  mein.o [1]
  .rodata            const         0x1414     0x0  packbits_init_single.o [4]
  Initializer bytes  const         0x1414     0xb  <for P2-1>
                                 - 0x141f  0x105f

"P2", part 1 of 2:                           0x18
  P2-1                        0x2000'0000    0x18  <Init block>
    .data            inited   0x2000'0000     0xc  mein.o [1]
    .bss             inited   0x2000'000c     0x4  mein.o [1]
    .bss             inited   0x2000'0010     0x4  mein.o [1]
    .bss             inited   0x2000'0014     0x4  mein.o [1]
                            - 0x2000'0018    0x18

"P2", part 2 of 2:                         0x8008
  .noinit            uninit   0x2000'0018     0x4  system_TM4C1294_TW.o [1]
  CSTACK                      0x2000'0020  0x8000  <Block>
    CSTACK           uninit   0x2000'0020  0x8000  <Block tail>
                            - 0x2000'8020  0x8008

Unused ranges:

         From           To      Size
         ----           --      ----
       0x141f     0xf'ffff  0xf'ebe1
  0x2000'8020  0x2003'ffff  0x3'7fe0


*******************************************************************************
*** INIT TABLE
***

          Address      Size
          -------      ----
Copy/packbits (__iar_packbits_init_single3)
    1 source range, total size 0xb (45% of destination):
               0x1414   0xb
    1 destination range, total size 0x18:
          0x2000'0000  0x18



*******************************************************************************
*** MODULE SUMMARY
***

    Module                  ro code  ro data  rw data
    ------                  -------  -------  -------
command line/config:
    -------------------------------------------------
    Total:

C:\Users\yuri_\Desktop\Sistemas Embarcados\lab2_sistemas_embarcados\lab2_sistemas_embarcados\EK-TM4C1294_IAR8\Projects\lab2\Debug\Obj: [1]
    mein.o                      972       43       24
    startup_TM4C1294.o          982
    system_TM4C1294_TW.o         44                 4
    -------------------------------------------------
    Total:                    1'998       43       28

dl7M_tln.a: [2]
    exit.o                        4
    low_level_init.o              4
    -------------------------------------------------
    Total:                        8

driverlib.a: [3]
    cpu.o                         8
    gpio.o                      416      144
    interrupt.o                 140
    sysctl.o                    632      588
    timer.o                     178
    uart.o                      176
    -------------------------------------------------
    Total:                    1'550      732

rt7M_tl.a: [4]
    I64DivMod.o                 628
    I64DivZer.o                   2
    cexit.o                      10
    cmain.o                      30
    cstartup_M.o                 12
    data_init.o                  40
    packbits_init_single.o       56
    -------------------------------------------------
    Total:                      778

shb_l.a: [5]
    exit.o                       20
    -------------------------------------------------
    Total:                       20

    Gaps                          6
    Linker created                        16   32'768
-----------------------------------------------------
    Grand Total:              4'360      791   32'796


*******************************************************************************
*** ENTRY LIST
***

Entry                       Address   Size  Type      Object
-----                       -------   ----  ----      ------
.iar.init_table$$Base        0x137c          --   Gb  - Linker created -
.iar.init_table$$Limit       0x138c          --   Gb  - Linker created -
?main                        0x138d         Code  Gb  cmain.o [4]
CPUcpsie                     0x100d    0x8  Code  Gb  cpu.o [3]
CSTACK$$Base            0x2000'0020          --   Gb  - Linker created -
CSTACK$$Limit           0x2000'8020          --   Gb  - Linker created -
GPIODirModeSet                0xddd   0x28  Code  Gb  gpio.o [3]
GPIOPadConfigSet              0xe05  0x102  Code  Gb  gpio.o [3]
GPIOPinConfigure              0xf3b   0x36  Code  Gb  gpio.o [3]
GPIOPinTypeTimer              0xf13   0x14  Code  Gb  gpio.o [3]
GPIOPinTypeUART               0xf27   0x14  Code  Gb  gpio.o [3]
IntEnable                     0xf8d   0x46  Code  Gb  interrupt.o [3]
IntMasterEnable               0xf7d    0x8  Code  Gb  interrupt.o [3]
Region$$Table$$Base          0x137c          --   Gb  - Linker created -
Region$$Table$$Limit         0x138c          --   Gb  - Linker created -
SysCtlClockFreqSet            0xba3  0x1fc  Code  Gb  sysctl.o [3]
SysCtlPeripheralEnable        0xb85    0x8  Code  Gb  sysctl.o [3]
SystemCoreClock         0x2000'0018    0x4  Data  Gb  system_TM4C1294_TW.o [1]
SystemInit                   0x1329   0x1a  Code  Gb  system_TM4C1294_TW.o [1]
TIMER2A_Handler               0x3d1   0x46  Code  Gb  mein.o [1]
TIMER2B_Handler               0x417   0x3a  Code  Gb  mein.o [1]
TimerConfigure                0x79d   0x54  Code  Gb  timer.o [3]
TimerControlEvent             0x801   0x16  Code  Gb  timer.o [3]
TimerEnable                   0x78d   0x10  Code  Gb  timer.o [3]
TimerIntClear                 0x839    0x6  Code  Gb  timer.o [3]
TimerIntEnable                0x823    0xa  Code  Gb  timer.o [3]
TimerIntStatus                0x82d    0xc  Code  Gb  timer.o [3]
TimerValueGet                 0x817    0xc  Code  Gb  timer.o [3]
UARTCharPut                   0x8e1   0x10  Code  Gb  uart.o [3]
UARTConfigSetExpClk           0x841   0x5c  Code  Gb  uart.o [3]
UARTDisable                   0x8b7   0x22  Code  Gb  uart.o [3]
UARTEnable                    0x89d   0x1a  Code  Gb  uart.o [3]
UART_send_string              0x451   0x1e  Code  Gb  mein.o [1]
_SysCtlMemTimingGet           0xb65   0x20  Code  Lc  sysctl.o [3]
__Vectors                       0x0          --   Gb  startup_TM4C1294.o [1]
__Vectors_End                 0x3c0         Data  Gb  startup_TM4C1294.o [1]
__Vectors_Size {Abs}          0x3c0          --   Gb  startup_TM4C1294.o [1]
__aeabi_ldiv0                0x1009         Code  Gb  I64DivZer.o [4]
__aeabi_ldivmod               0x8f1         Code  Gb  I64DivMod.o [4]
__aeabi_uldivmod              0x935         Code  Gb  I64DivMod.o [4]
__cmain                      0x138d         Code  Gb  cmain.o [4]
__exit                       0x13c1   0x14  Code  Gb  exit.o [5]
__iar_data_init3             0x1355   0x28  Code  Gb  data_init.o [4]
__iar_init_vfp               0x13dd         Code  Wk  startup_TM4C1294.o [1]
__iar_packbits_init_single3
                             0x12c1   0x38  Code  Gb  packbits_init_single.o [4]
__iar_program_start          0x13f9         Code  Gb  cstartup_M.o [4]
__low_level_init             0x13ab    0x4  Code  Gb  low_level_init.o [2]
__vector_table                  0x0         Data  Gb  startup_TM4C1294.o [1]
__vector_table_0x1c            0x1c         Data  Gb  startup_TM4C1294.o [1]
_call_main                   0x1399         Code  Gb  cmain.o [4]
_exit                        0x13b5         Code  Gb  cexit.o [4]
_main                        0x13a7         Code  Gb  cmain.o [4]
calculo_tempo                 0x46f  0x1e0  Code  Gb  mein.o [1]
exit                         0x13af    0x4  Code  Gb  exit.o [2]
g_pppui32XTALtoVCO           0x1014  0x1b0  Data  Lc  sysctl.o [3]
g_pui32EnRegs                 0xff4   0x14  Data  Lc  interrupt.o [3]
g_pui32GPIOBaseAddrs         0x11c4   0x90  Data  Lc  gpio.o [3]
g_pui32VCOFrequencies         0xdd4    0x8  Data  Lc  sysctl.o [3]
g_pui32Xtals                 0x1254   0x6c  Data  Lc  sysctl.o [3]
g_sXTALtoMEMTIM              0x12f8   0x30  Data  Lc  sysctl.o [3]
intStatus               0x2000'0014    0x4  Data  Gb  mein.o [1]
main                          0x64f   0xda  Code  Gb  mein.o [1]
sys_delay                     0x3c1   0x10  Code  Gb  mein.o [1]
tempoDescida            0x2000'0010    0x4  Data  Gb  mein.o [1]
tempoSubida             0x2000'000c    0x4  Data  Gb  mein.o [1]
vetor                   0x2000'0000    0xc  Data  Gb  mein.o [1]


[1] = C:\Users\yuri_\Desktop\Sistemas Embarcados\lab2_sistemas_embarcados\lab2_sistemas_embarcados\EK-TM4C1294_IAR8\Projects\lab2\Debug\Obj
[2] = dl7M_tln.a
[3] = driverlib.a
[4] = rt7M_tl.a
[5] = shb_l.a

   4'360 bytes of readonly  code memory
     791 bytes of readonly  data memory
  32'796 bytes of readwrite data memory

Errors: none
Warnings: none
